Info in <TCanvas::Print>: pdf file plots/muon__2016postVFP/muon__2016postVFP__NTrees__Shrinkage.pdf has been created
Info in <TCanvas::Print>: pdf file plots/muon__2016postVFP/logz__muon__2016postVFP__NTrees__Shrinkage.pdf has been created
Info in <TCanvas::Print>: pdf file plots/muon__2016postVFP/muon__2016postVFP__MaxDepth__Shrinkage.pdf has been created
Info in <TCanvas::Print>: pdf file plots/muon__2016postVFP/logz__muon__2016postVFP__MaxDepth__Shrinkage.pdf has been created
Info in <TCanvas::Print>: pdf file plots/muon__2016postVFP/muon__2016postVFP__MaxDepth__NTrees.pdf has been created
Info in <TCanvas::Print>: pdf file plots/muon__2016postVFP/logz__muon__2016postVFP__MaxDepth__NTrees.pdf has been created
Info in <TCanvas::Print>: pdf file plots/muon__2016postVFP/muon__2016postVFP__MinNodeSize__Shrinkage.pdf has been created
Info in <TCanvas::Print>: pdf file plots/muon__2016postVFP/logz__muon__2016postVFP__MinNodeSize__Shrinkage.pdf has been created
Info in <TCanvas::Print>: pdf file plots/muon__2016postVFP/muon__2016postVFP__MinNodeSize__NTrees.pdf has been created
Info in <TCanvas::Print>: pdf file plots/muon__2016postVFP/logz__muon__2016postVFP__MinNodeSize__NTrees.pdf has been created
Info in <TCanvas::Print>: pdf file plots/muon__2016postVFP/muon__2016postVFP__MinNodeSize__MaxDepth.pdf has been created
Info in <TCanvas::Print>: pdf file plots/muon__2016postVFP/logz__muon__2016postVFP__MinNodeSize__MaxDepth.pdf has been created
Info in <TCanvas::Print>: pdf file plots/muon__2016postVFP/muon__2016postVFP__BaggedSampleFraction__Shrinkage.pdf has been created
Info in <TCanvas::Print>: pdf file plots/muon__2016postVFP/logz__muon__2016postVFP__BaggedSampleFraction__Shrinkage.pdf has been created
Info in <TCanvas::Print>: pdf file plots/muon__2016postVFP/muon__2016postVFP__BaggedSampleFraction__NTrees.pdf has been created
Info in <TCanvas::Print>: pdf file plots/muon__2016postVFP/logz__muon__2016postVFP__BaggedSampleFraction__NTrees.pdf has been created
Info in <TCanvas::Print>: pdf file plots/muon__2016postVFP/muon__2016postVFP__BaggedSampleFraction__MaxDepth.pdf has been created
Info in <TCanvas::Print>: pdf file plots/muon__2016postVFP/logz__muon__2016postVFP__BaggedSampleFraction__MaxDepth.pdf has been created
Info in <TCanvas::Print>: pdf file plots/muon__2016postVFP/muon__2016postVFP__BaggedSampleFraction__MinNodeSize.pdf has been created
Info in <TCanvas::Print>: pdf file plots/muon__2016postVFP/logz__muon__2016postVFP__BaggedSampleFraction__MinNodeSize.pdf has been created
Info in <TCanvas::Print>: pdf file plots/muon__2016postVFP/muon__2016postVFP__nCuts__Shrinkage.pdf has been created
Info in <TCanvas::Print>: pdf file plots/muon__2016postVFP/logz__muon__2016postVFP__nCuts__Shrinkage.pdf has been created
Info in <TCanvas::Print>: pdf file plots/muon__2016postVFP/muon__2016postVFP__nCuts__NTrees.pdf has been created
Info in <TCanvas::Print>: pdf file plots/muon__2016postVFP/logz__muon__2016postVFP__nCuts__NTrees.pdf has been created
Info in <TCanvas::Print>: pdf file plots/muon__2016postVFP/muon__2016postVFP__nCuts__MaxDepth.pdf has been created
Info in <TCanvas::Print>: pdf file plots/muon__2016postVFP/logz__muon__2016postVFP__nCuts__MaxDepth.pdf has been created
Info in <TCanvas::Print>: pdf file plots/muon__2016postVFP/muon__2016postVFP__nCuts__MinNodeSize.pdf has been created
Info in <TCanvas::Print>: pdf file plots/muon__2016postVFP/logz__muon__2016postVFP__nCuts__MinNodeSize.pdf has been created
Info in <TCanvas::Print>: pdf file plots/muon__2016postVFP/muon__2016postVFP__nCuts__BaggedSampleFraction.pdf has been created
Info in <TCanvas::Print>: pdf file plots/muon__2016postVFP/logz__muon__2016postVFP__nCuts__BaggedSampleFraction.pdf has been created
--- muon__2016postVFP__I.pkl ----
--- muon__2016postVFP__U.pkl ----
--- muon__2016postVFP__G.pkl ----
--- muon__2016postVFP__N.pkl ----
nresult= 10368
{'Trf': 'G', 'BoostType': 'Grad', 'Shrinkage__AdaBoostBeta': '0.01', 'NTrees': '500', 'MaxDepth': '4', 'MinNodeSize': '2.5', 'UseBaggedBoost': 'True', 'BaggedSampleFraction': '0.5', 'SeparationType': 'GiniIndex', 'nCuts': '30', 'IgnoreNegWeightsInTraining': 'True', 'auc': 0.7535892364391769, 'sigeff_B0p3': [0.673, 0.707], 'sigeff_B0p1': [0.392, 0.411], 'sigeff_B0p01': [0.1, 0.113]}
<DrawGraph> NTrees Shrinkage__AdaBoostBeta
Number of points in graph= 9
-----------
NTrees = 500.0
Shrinkage = 0.01
best_auc= 0.7535892364391769
<DrawGraph> MaxDepth Shrinkage__AdaBoostBeta
Number of points in graph= 8
-----------
MaxDepth = 4.0
Shrinkage = 0.01
best_auc= 0.7535892364391769
<DrawGraph> MaxDepth NTrees
Number of points in graph= 9
-----------
MaxDepth = 4.0
NTrees = 500.0
best_auc= 0.7535892364391769
<DrawGraph> MinNodeSize Shrinkage__AdaBoostBeta
Number of points in graph= 9
-----------
MinNodeSize = 2.5
Shrinkage = 0.01
best_auc= 0.7535892364391769
<DrawGraph> MinNodeSize NTrees
Number of points in graph= 9
-----------
MinNodeSize = 2.5
NTrees = 500.0
best_auc= 0.7535892364391769
<DrawGraph> MinNodeSize MaxDepth
Number of points in graph= 9
-----------
MinNodeSize = 2.5
MaxDepth = 4.0
best_auc= 0.7535892364391769
<DrawGraph> BaggedSampleFraction Shrinkage__AdaBoostBeta
Number of points in graph= 12
-----------
BaggedSampleFraction = 0.5
Shrinkage = 0.01
best_auc= 0.7535892364391769
<DrawGraph> BaggedSampleFraction NTrees
Number of points in graph= 12
-----------
BaggedSampleFraction = 0.5
NTrees = 500.0
best_auc= 0.7535892364391769
<DrawGraph> BaggedSampleFraction MaxDepth
Number of points in graph= 12
-----------
BaggedSampleFraction = 0.5
MaxDepth = 4.0
best_auc= 0.7535892364391769
<DrawGraph> BaggedSampleFraction MinNodeSize
Number of points in graph= 12
-----------
BaggedSampleFraction = 0.5
MinNodeSize = 2.5
best_auc= 0.7535892364391769
<DrawGraph> nCuts Shrinkage__AdaBoostBeta
Number of points in graph= 9
-----------
nCuts = 30.0
Shrinkage = 0.01
best_auc= 0.7535892364391769
<DrawGraph> nCuts NTrees
Number of points in graph= 9
-----------
nCuts = 30.0
NTrees = 500.0
best_auc= 0.7535892364391769
<DrawGraph> nCuts MaxDepth
Number of points in graph= 9
-----------
nCuts = 30.0
MaxDepth = 4.0
best_auc= 0.7535892364391769
<DrawGraph> nCuts MinNodeSize
Number of points in graph= 9
-----------
nCuts = 30.0
MinNodeSize = 2.5
best_auc= 0.7535892364391769
<DrawGraph> nCuts BaggedSampleFraction
Number of points in graph= 12
-----------
nCuts = 30.0
BaggedSampleFraction = 0.5
best_auc= 0.7535892364391769
