Info in <TCanvas::Print>: pdf file plots/muon__2018/muon__2018__NTrees__Shrinkage.pdf has been created
Info in <TCanvas::Print>: pdf file plots/muon__2018/logz__muon__2018__NTrees__Shrinkage.pdf has been created
Info in <TCanvas::Print>: pdf file plots/muon__2018/muon__2018__MaxDepth__Shrinkage.pdf has been created
Info in <TCanvas::Print>: pdf file plots/muon__2018/logz__muon__2018__MaxDepth__Shrinkage.pdf has been created
Info in <TCanvas::Print>: pdf file plots/muon__2018/muon__2018__MaxDepth__NTrees.pdf has been created
Info in <TCanvas::Print>: pdf file plots/muon__2018/logz__muon__2018__MaxDepth__NTrees.pdf has been created
Info in <TCanvas::Print>: pdf file plots/muon__2018/muon__2018__MinNodeSize__Shrinkage.pdf has been created
Info in <TCanvas::Print>: pdf file plots/muon__2018/logz__muon__2018__MinNodeSize__Shrinkage.pdf has been created
Info in <TCanvas::Print>: pdf file plots/muon__2018/muon__2018__MinNodeSize__NTrees.pdf has been created
Info in <TCanvas::Print>: pdf file plots/muon__2018/logz__muon__2018__MinNodeSize__NTrees.pdf has been created
Info in <TCanvas::Print>: pdf file plots/muon__2018/muon__2018__MinNodeSize__MaxDepth.pdf has been created
Info in <TCanvas::Print>: pdf file plots/muon__2018/logz__muon__2018__MinNodeSize__MaxDepth.pdf has been created
Info in <TCanvas::Print>: pdf file plots/muon__2018/muon__2018__BaggedSampleFraction__Shrinkage.pdf has been created
Info in <TCanvas::Print>: pdf file plots/muon__2018/logz__muon__2018__BaggedSampleFraction__Shrinkage.pdf has been created
Info in <TCanvas::Print>: pdf file plots/muon__2018/muon__2018__BaggedSampleFraction__NTrees.pdf has been created
Info in <TCanvas::Print>: pdf file plots/muon__2018/logz__muon__2018__BaggedSampleFraction__NTrees.pdf has been created
Info in <TCanvas::Print>: pdf file plots/muon__2018/muon__2018__BaggedSampleFraction__MaxDepth.pdf has been created
Info in <TCanvas::Print>: pdf file plots/muon__2018/logz__muon__2018__BaggedSampleFraction__MaxDepth.pdf has been created
Info in <TCanvas::Print>: pdf file plots/muon__2018/muon__2018__BaggedSampleFraction__MinNodeSize.pdf has been created
Info in <TCanvas::Print>: pdf file plots/muon__2018/logz__muon__2018__BaggedSampleFraction__MinNodeSize.pdf has been created
Info in <TCanvas::Print>: pdf file plots/muon__2018/muon__2018__nCuts__Shrinkage.pdf has been created
Info in <TCanvas::Print>: pdf file plots/muon__2018/logz__muon__2018__nCuts__Shrinkage.pdf has been created
Info in <TCanvas::Print>: pdf file plots/muon__2018/muon__2018__nCuts__NTrees.pdf has been created
Info in <TCanvas::Print>: pdf file plots/muon__2018/logz__muon__2018__nCuts__NTrees.pdf has been created
Info in <TCanvas::Print>: pdf file plots/muon__2018/muon__2018__nCuts__MaxDepth.pdf has been created
Info in <TCanvas::Print>: pdf file plots/muon__2018/logz__muon__2018__nCuts__MaxDepth.pdf has been created
Info in <TCanvas::Print>: pdf file plots/muon__2018/muon__2018__nCuts__MinNodeSize.pdf has been created
Info in <TCanvas::Print>: pdf file plots/muon__2018/logz__muon__2018__nCuts__MinNodeSize.pdf has been created
Info in <TCanvas::Print>: pdf file plots/muon__2018/muon__2018__nCuts__BaggedSampleFraction.pdf has been created
Info in <TCanvas::Print>: pdf file plots/muon__2018/logz__muon__2018__nCuts__BaggedSampleFraction.pdf has been created
--- muon__2018__I.pkl ----
--- muon__2018__U.pkl ----
--- muon__2018__G.pkl ----
--- muon__2018__N.pkl ----
nresult= 10368
{'Trf': 'G', 'BoostType': 'Grad', 'Shrinkage__AdaBoostBeta': '0.01', 'NTrees': '1000', 'MaxDepth': '4', 'MinNodeSize': '2.5', 'UseBaggedBoost': 'True', 'BaggedSampleFraction': '0.6', 'SeparationType': 'GiniIndex', 'nCuts': '20', 'IgnoreNegWeightsInTraining': 'True', 'auc': 0.7542818281119987, 'sigeff_B0p3': [0.677, 0.678], 'sigeff_B0p1': [0.384, 0.409], 'sigeff_B0p01': [0.089, 0.091]}
<DrawGraph> NTrees Shrinkage__AdaBoostBeta
Number of points in graph= 9
-----------
NTrees = 1000.0
Shrinkage = 0.01
best_auc= 0.7542818281119987
<DrawGraph> MaxDepth Shrinkage__AdaBoostBeta
Number of points in graph= 9
-----------
MaxDepth = 4.0
Shrinkage = 0.01
best_auc= 0.7542818281119987
<DrawGraph> MaxDepth NTrees
Number of points in graph= 9
-----------
MaxDepth = 4.0
NTrees = 1000.0
best_auc= 0.7542818281119987
<DrawGraph> MinNodeSize Shrinkage__AdaBoostBeta
Number of points in graph= 9
-----------
MinNodeSize = 2.5
Shrinkage = 0.01
best_auc= 0.7542818281119987
<DrawGraph> MinNodeSize NTrees
Number of points in graph= 9
-----------
MinNodeSize = 2.5
NTrees = 1000.0
best_auc= 0.7542818281119987
<DrawGraph> MinNodeSize MaxDepth
Number of points in graph= 9
-----------
MinNodeSize = 2.5
MaxDepth = 4.0
best_auc= 0.7542818281119987
<DrawGraph> BaggedSampleFraction Shrinkage__AdaBoostBeta
Number of points in graph= 12
-----------
BaggedSampleFraction = 0.6
Shrinkage = 0.01
best_auc= 0.7542818281119987
<DrawGraph> BaggedSampleFraction NTrees
Number of points in graph= 12
-----------
BaggedSampleFraction = 0.6
NTrees = 1000.0
best_auc= 0.7542818281119987
<DrawGraph> BaggedSampleFraction MaxDepth
Number of points in graph= 12
-----------
BaggedSampleFraction = 0.6
MaxDepth = 4.0
best_auc= 0.7542818281119987
<DrawGraph> BaggedSampleFraction MinNodeSize
Number of points in graph= 12
-----------
BaggedSampleFraction = 0.6
MinNodeSize = 2.5
best_auc= 0.7542818281119987
<DrawGraph> nCuts Shrinkage__AdaBoostBeta
Number of points in graph= 9
-----------
nCuts = 20.0
Shrinkage = 0.01
best_auc= 0.7542818281119987
<DrawGraph> nCuts NTrees
Number of points in graph= 9
-----------
nCuts = 20.0
NTrees = 1000.0
best_auc= 0.7542818281119987
<DrawGraph> nCuts MaxDepth
Number of points in graph= 9
-----------
nCuts = 20.0
MaxDepth = 4.0
best_auc= 0.7542818281119987
<DrawGraph> nCuts MinNodeSize
Number of points in graph= 9
-----------
nCuts = 20.0
MinNodeSize = 2.5
best_auc= 0.7542818281119987
<DrawGraph> nCuts BaggedSampleFraction
Number of points in graph= 12
-----------
nCuts = 20.0
BaggedSampleFraction = 0.6
best_auc= 0.7542818281119987
