Info in <TCanvas::Print>: pdf file plots1D/electron__2016preVFP/electron__2016preVFP__Shrinkage.pdf has been created
Info in <TCanvas::Print>: pdf file plots1D/electron__2016preVFP/logy__electron__2016preVFP__Shrinkage.pdf has been created
Info in <TCanvas::Print>: pdf file plots1D/electron__2016preVFP/electron__2016preVFP__NTrees.pdf has been created
Info in <TCanvas::Print>: pdf file plots1D/electron__2016preVFP/logy__electron__2016preVFP__NTrees.pdf has been created
Info in <TCanvas::Print>: pdf file plots1D/electron__2016preVFP/electron__2016preVFP__MaxDepth.pdf has been created
Info in <TCanvas::Print>: pdf file plots1D/electron__2016preVFP/logy__electron__2016preVFP__MaxDepth.pdf has been created
Info in <TCanvas::Print>: pdf file plots1D/electron__2016preVFP/electron__2016preVFP__MinNodeSize.pdf has been created
Info in <TCanvas::Print>: pdf file plots1D/electron__2016preVFP/logy__electron__2016preVFP__MinNodeSize.pdf has been created
Info in <TCanvas::Print>: pdf file plots1D/electron__2016preVFP/electron__2016preVFP__BaggedSampleFraction.pdf has been created
Info in <TCanvas::Print>: pdf file plots1D/electron__2016preVFP/logy__electron__2016preVFP__BaggedSampleFraction.pdf has been created
Info in <TCanvas::Print>: pdf file plots1D/electron__2016preVFP/electron__2016preVFP__nCuts.pdf has been created
Info in <TCanvas::Print>: pdf file plots1D/electron__2016preVFP/logy__electron__2016preVFP__nCuts.pdf has been created
--- electron__2016preVFP__D.pkl ----
--- electron__2016preVFP__P.pkl ----
--- electron__2016preVFP__U.pkl ----
--- electron__2016preVFP__N.pkl ----
--- electron__2016preVFP__I.pkl ----
--- electron__2016preVFP__G.pkl ----
nresult= 12280
{'Trf': 'G', 'BoostType': 'Grad', 'Shrinkage__AdaBoostBeta': '0.005', 'NTrees': '800', 'MaxDepth': '4', 'MinNodeSize': '1', 'UseBaggedBoost': 'True', 'BaggedSampleFraction': '0.1', 'SeparationType': 'CrossEntropy', 'nCuts': '10', 'IgnoreNegWeightsInTraining': 'True', 'auc': 0.699832425178084, 'sigeff_B0p3': [0.592, 0.59], 'sigeff_B0p1': [0.301, 0.293], 'sigeff_B0p01': [0.051, 0.063]}
<DrawGraph> Shrinkage__AdaBoostBeta
Number of points in graph= 6
-----------
Shrinkage = 0.005
best_auc= 0.699832425178084
<DrawGraph> NTrees
Number of points in graph= 4
-----------
NTrees = 800.0
best_auc= 0.699832425178084
<DrawGraph> MaxDepth
Number of points in graph= 4
-----------
MaxDepth = 4.0
best_auc= 0.699832425178084
<DrawGraph> MinNodeSize
Number of points in graph= 5
-----------
MinNodeSize = 1.0
best_auc= 0.699832425178084
<DrawGraph> BaggedSampleFraction
Number of points in graph= 6
-----------
BaggedSampleFraction = 0.1
best_auc= 0.699832425178084
<DrawGraph> nCuts
Number of points in graph= 4
-----------
nCuts = 10.0
best_auc= 0.699832425178084
