Info in <TCanvas::Print>: pdf file plots1D/jet__2017/jet__2017__Shrinkage.pdf has been created
Info in <TCanvas::Print>: pdf file plots1D/jet__2017/logy__jet__2017__Shrinkage.pdf has been created
Info in <TCanvas::Print>: pdf file plots1D/jet__2017/jet__2017__NTrees.pdf has been created
Info in <TCanvas::Print>: pdf file plots1D/jet__2017/logy__jet__2017__NTrees.pdf has been created
Info in <TCanvas::Print>: pdf file plots1D/jet__2017/jet__2017__MaxDepth.pdf has been created
Info in <TCanvas::Print>: pdf file plots1D/jet__2017/logy__jet__2017__MaxDepth.pdf has been created
Info in <TCanvas::Print>: pdf file plots1D/jet__2017/jet__2017__MinNodeSize.pdf has been created
Info in <TCanvas::Print>: pdf file plots1D/jet__2017/logy__jet__2017__MinNodeSize.pdf has been created
Info in <TCanvas::Print>: pdf file plots1D/jet__2017/jet__2017__BaggedSampleFraction.pdf has been created
Info in <TCanvas::Print>: pdf file plots1D/jet__2017/logy__jet__2017__BaggedSampleFraction.pdf has been created
Info in <TCanvas::Print>: pdf file plots1D/jet__2017/jet__2017__nCuts.pdf has been created
Info in <TCanvas::Print>: pdf file plots1D/jet__2017/logy__jet__2017__nCuts.pdf has been created
--- jet__2017__N.pkl ----
--- jet__2017__G.pkl ----
--- jet__2017__U.pkl ----
--- jet__2017__I.pkl ----
--- jet__2017__D.pkl ----
--- jet__2017__P.pkl ----
nresult= 11822
{'Trf': 'G', 'BoostType': 'Grad', 'Shrinkage__AdaBoostBeta': '0.1', 'NTrees': '100', 'MaxDepth': '6', 'MinNodeSize': '0.5', 'UseBaggedBoost': 'False', 'BaggedSampleFraction': '1', 'SeparationType': 'CrossEntropy', 'nCuts': '30', 'IgnoreNegWeightsInTraining': 'True', 'auc': 0.6011515850698013, 'sigeff_B0p3': [0.45, 0.457], 'sigeff_B0p1': [0.193, 0.202], 'sigeff_B0p01': [0.022, 0.024]}
<DrawGraph> Shrinkage__AdaBoostBeta
Number of points in graph= 6
-----------
Shrinkage = 0.1
best_auc= 0.6011515850698013
<DrawGraph> NTrees
Number of points in graph= 5
-----------
NTrees = 100.0
best_auc= 0.6011515850698013
<DrawGraph> MaxDepth
Number of points in graph= 5
-----------
MaxDepth = 6.0
best_auc= 0.6011515850698013
<DrawGraph> MinNodeSize
Number of points in graph= 5
-----------
MinNodeSize = 0.5
best_auc= 0.6011515850698013
<DrawGraph> BaggedSampleFraction
Number of points in graph= 5
-----------
BaggedSampleFraction = 1.0
best_auc= 0.6011515850698013
<DrawGraph> nCuts
Number of points in graph= 5
-----------
nCuts = 30.0
best_auc= 0.6011515850698013
