Info in <TCanvas::Print>: pdf file plots/electron__2018/electron__2018__NTrees__Shrinkage.pdf has been created
Info in <TCanvas::Print>: pdf file plots/electron__2018/logz__electron__2018__NTrees__Shrinkage.pdf has been created
Info in <TCanvas::Print>: pdf file plots/electron__2018/electron__2018__MaxDepth__Shrinkage.pdf has been created
Info in <TCanvas::Print>: pdf file plots/electron__2018/logz__electron__2018__MaxDepth__Shrinkage.pdf has been created
Info in <TCanvas::Print>: pdf file plots/electron__2018/electron__2018__MaxDepth__NTrees.pdf has been created
Info in <TCanvas::Print>: pdf file plots/electron__2018/logz__electron__2018__MaxDepth__NTrees.pdf has been created
Info in <TCanvas::Print>: pdf file plots/electron__2018/electron__2018__MinNodeSize__Shrinkage.pdf has been created
Info in <TCanvas::Print>: pdf file plots/electron__2018/logz__electron__2018__MinNodeSize__Shrinkage.pdf has been created
Info in <TCanvas::Print>: pdf file plots/electron__2018/electron__2018__MinNodeSize__NTrees.pdf has been created
Info in <TCanvas::Print>: pdf file plots/electron__2018/logz__electron__2018__MinNodeSize__NTrees.pdf has been created
Info in <TCanvas::Print>: pdf file plots/electron__2018/electron__2018__MinNodeSize__MaxDepth.pdf has been created
Info in <TCanvas::Print>: pdf file plots/electron__2018/logz__electron__2018__MinNodeSize__MaxDepth.pdf has been created
Info in <TCanvas::Print>: pdf file plots/electron__2018/electron__2018__BaggedSampleFraction__Shrinkage.pdf has been created
Info in <TCanvas::Print>: pdf file plots/electron__2018/logz__electron__2018__BaggedSampleFraction__Shrinkage.pdf has been created
Info in <TCanvas::Print>: pdf file plots/electron__2018/electron__2018__BaggedSampleFraction__NTrees.pdf has been created
Info in <TCanvas::Print>: pdf file plots/electron__2018/logz__electron__2018__BaggedSampleFraction__NTrees.pdf has been created
Info in <TCanvas::Print>: pdf file plots/electron__2018/electron__2018__BaggedSampleFraction__MaxDepth.pdf has been created
Info in <TCanvas::Print>: pdf file plots/electron__2018/logz__electron__2018__BaggedSampleFraction__MaxDepth.pdf has been created
Info in <TCanvas::Print>: pdf file plots/electron__2018/electron__2018__BaggedSampleFraction__MinNodeSize.pdf has been created
Info in <TCanvas::Print>: pdf file plots/electron__2018/logz__electron__2018__BaggedSampleFraction__MinNodeSize.pdf has been created
Info in <TCanvas::Print>: pdf file plots/electron__2018/electron__2018__nCuts__Shrinkage.pdf has been created
Info in <TCanvas::Print>: pdf file plots/electron__2018/logz__electron__2018__nCuts__Shrinkage.pdf has been created
Info in <TCanvas::Print>: pdf file plots/electron__2018/electron__2018__nCuts__NTrees.pdf has been created
Info in <TCanvas::Print>: pdf file plots/electron__2018/logz__electron__2018__nCuts__NTrees.pdf has been created
Info in <TCanvas::Print>: pdf file plots/electron__2018/electron__2018__nCuts__MaxDepth.pdf has been created
Info in <TCanvas::Print>: pdf file plots/electron__2018/logz__electron__2018__nCuts__MaxDepth.pdf has been created
Info in <TCanvas::Print>: pdf file plots/electron__2018/electron__2018__nCuts__MinNodeSize.pdf has been created
Info in <TCanvas::Print>: pdf file plots/electron__2018/logz__electron__2018__nCuts__MinNodeSize.pdf has been created
Info in <TCanvas::Print>: pdf file plots/electron__2018/electron__2018__nCuts__BaggedSampleFraction.pdf has been created
Info in <TCanvas::Print>: pdf file plots/electron__2018/logz__electron__2018__nCuts__BaggedSampleFraction.pdf has been created
--- electron__2018__N.pkl ----
--- electron__2018__U.pkl ----
--- electron__2018__D.pkl ----
--- electron__2018__P.pkl ----
--- electron__2018__G.pkl ----
--- electron__2018__I.pkl ----
nresult= 7428
{'Trf': 'G', 'BoostType': 'Grad', 'Shrinkage__AdaBoostBeta': '0.01', 'NTrees': '1000', 'MaxDepth': '4', 'MinNodeSize': '2.5', 'UseBaggedBoost': 'True', 'BaggedSampleFraction': '0.6', 'SeparationType': 'CrossEntropy', 'nCuts': '30', 'IgnoreNegWeightsInTraining': 'True', 'auc': 0.7143850462252161, 'sigeff_B0p3': [0.613, 0.632], 'sigeff_B0p1': [0.318, 0.343], 'sigeff_B0p01': [0.064, 0.078]}
<DrawGraph> NTrees Shrinkage__AdaBoostBeta
Number of points in graph= 18
-----------
NTrees = 1000.0
Shrinkage = 0.01
best_auc= 0.7143850462252161
<DrawGraph> MaxDepth Shrinkage__AdaBoostBeta
Number of points in graph= 18
-----------
MaxDepth = 4.0
Shrinkage = 0.01
best_auc= 0.7143850462252161
<DrawGraph> MaxDepth NTrees
Number of points in graph= 17
-----------
MaxDepth = 4.0
NTrees = 1000.0
best_auc= 0.7143850462252161
<DrawGraph> MinNodeSize Shrinkage__AdaBoostBeta
Number of points in graph= 18
-----------
MinNodeSize = 2.5
Shrinkage = 0.01
best_auc= 0.7143850462252161
<DrawGraph> MinNodeSize NTrees
Number of points in graph= 17
-----------
MinNodeSize = 2.5
NTrees = 1000.0
best_auc= 0.7143850462252161
<DrawGraph> MinNodeSize MaxDepth
Number of points in graph= 17
-----------
MinNodeSize = 2.5
MaxDepth = 4.0
best_auc= 0.7143850462252161
<DrawGraph> BaggedSampleFraction Shrinkage__AdaBoostBeta
Number of points in graph= 27
-----------
BaggedSampleFraction = 0.6
Shrinkage = 0.01
best_auc= 0.7143850462252161
<DrawGraph> BaggedSampleFraction NTrees
Number of points in graph= 26
-----------
BaggedSampleFraction = 0.6
NTrees = 1000.0
best_auc= 0.7143850462252161
<DrawGraph> BaggedSampleFraction MaxDepth
Number of points in graph= 26
-----------
BaggedSampleFraction = 0.6
MaxDepth = 4.0
best_auc= 0.7143850462252161
<DrawGraph> BaggedSampleFraction MinNodeSize
Number of points in graph= 26
-----------
BaggedSampleFraction = 0.6
MinNodeSize = 2.5
best_auc= 0.7143850462252161
<DrawGraph> nCuts Shrinkage__AdaBoostBeta
Number of points in graph= 22
-----------
nCuts = 30.0
Shrinkage = 0.01
best_auc= 0.7143850462252161
<DrawGraph> nCuts NTrees
Number of points in graph= 21
-----------
nCuts = 30.0
NTrees = 1000.0
best_auc= 0.7143850462252161
<DrawGraph> nCuts MaxDepth
Number of points in graph= 21
-----------
nCuts = 30.0
MaxDepth = 4.0
best_auc= 0.7143850462252161
<DrawGraph> nCuts MinNodeSize
Number of points in graph= 21
-----------
nCuts = 30.0
MinNodeSize = 2.5
best_auc= 0.7143850462252161
<DrawGraph> nCuts BaggedSampleFraction
Number of points in graph= 30
-----------
nCuts = 30.0
BaggedSampleFraction = 0.6
best_auc= 0.7143850462252161
