Info in <TCanvas::Print>: pdf file plots/muon__2018/muon__2018__NTrees__Shrinkage.pdf has been created
Info in <TCanvas::Print>: pdf file plots/muon__2018/logz__muon__2018__NTrees__Shrinkage.pdf has been created
Info in <TCanvas::Print>: pdf file plots/muon__2018/muon__2018__MaxDepth__Shrinkage.pdf has been created
Info in <TCanvas::Print>: pdf file plots/muon__2018/logz__muon__2018__MaxDepth__Shrinkage.pdf has been created
Info in <TCanvas::Print>: pdf file plots/muon__2018/muon__2018__MaxDepth__NTrees.pdf has been created
Info in <TCanvas::Print>: pdf file plots/muon__2018/logz__muon__2018__MaxDepth__NTrees.pdf has been created
Info in <TCanvas::Print>: pdf file plots/muon__2018/muon__2018__MinNodeSize__Shrinkage.pdf has been created
Info in <TCanvas::Print>: pdf file plots/muon__2018/logz__muon__2018__MinNodeSize__Shrinkage.pdf has been created
Info in <TCanvas::Print>: pdf file plots/muon__2018/muon__2018__MinNodeSize__NTrees.pdf has been created
Info in <TCanvas::Print>: pdf file plots/muon__2018/logz__muon__2018__MinNodeSize__NTrees.pdf has been created
Info in <TCanvas::Print>: pdf file plots/muon__2018/muon__2018__MinNodeSize__MaxDepth.pdf has been created
Info in <TCanvas::Print>: pdf file plots/muon__2018/logz__muon__2018__MinNodeSize__MaxDepth.pdf has been created
Info in <TCanvas::Print>: pdf file plots/muon__2018/muon__2018__BaggedSampleFraction__Shrinkage.pdf has been created
Info in <TCanvas::Print>: pdf file plots/muon__2018/logz__muon__2018__BaggedSampleFraction__Shrinkage.pdf has been created
Info in <TCanvas::Print>: pdf file plots/muon__2018/muon__2018__BaggedSampleFraction__NTrees.pdf has been created
Info in <TCanvas::Print>: pdf file plots/muon__2018/logz__muon__2018__BaggedSampleFraction__NTrees.pdf has been created
Info in <TCanvas::Print>: pdf file plots/muon__2018/muon__2018__BaggedSampleFraction__MaxDepth.pdf has been created
Info in <TCanvas::Print>: pdf file plots/muon__2018/logz__muon__2018__BaggedSampleFraction__MaxDepth.pdf has been created
Info in <TCanvas::Print>: pdf file plots/muon__2018/muon__2018__BaggedSampleFraction__MinNodeSize.pdf has been created
Info in <TCanvas::Print>: pdf file plots/muon__2018/logz__muon__2018__BaggedSampleFraction__MinNodeSize.pdf has been created
Info in <TCanvas::Print>: pdf file plots/muon__2018/muon__2018__nCuts__Shrinkage.pdf has been created
Info in <TCanvas::Print>: pdf file plots/muon__2018/logz__muon__2018__nCuts__Shrinkage.pdf has been created
Info in <TCanvas::Print>: pdf file plots/muon__2018/muon__2018__nCuts__NTrees.pdf has been created
Info in <TCanvas::Print>: pdf file plots/muon__2018/logz__muon__2018__nCuts__NTrees.pdf has been created
Info in <TCanvas::Print>: pdf file plots/muon__2018/muon__2018__nCuts__MaxDepth.pdf has been created
Info in <TCanvas::Print>: pdf file plots/muon__2018/logz__muon__2018__nCuts__MaxDepth.pdf has been created
Info in <TCanvas::Print>: pdf file plots/muon__2018/muon__2018__nCuts__MinNodeSize.pdf has been created
Info in <TCanvas::Print>: pdf file plots/muon__2018/logz__muon__2018__nCuts__MinNodeSize.pdf has been created
Info in <TCanvas::Print>: pdf file plots/muon__2018/muon__2018__nCuts__BaggedSampleFraction.pdf has been created
Info in <TCanvas::Print>: pdf file plots/muon__2018/logz__muon__2018__nCuts__BaggedSampleFraction.pdf has been created
--- muon__2018__P.pkl ----
--- muon__2018__D.pkl ----
--- muon__2018__U.pkl ----
--- muon__2018__N.pkl ----
--- muon__2018__I.pkl ----
--- muon__2018__G.pkl ----
nresult= 13260
{'Trf': 'G', 'BoostType': 'Grad', 'Shrinkage__AdaBoostBeta': '0.005', 'NTrees': '1000', 'MaxDepth': '6', 'MinNodeSize': '1', 'UseBaggedBoost': 'True', 'BaggedSampleFraction': '0.6', 'SeparationType': 'CrossEntropy', 'nCuts': '20', 'IgnoreNegWeightsInTraining': 'True', 'auc': 0.7550193306431433, 'sigeff_B0p3': [0.679, 0.692], 'sigeff_B0p1': [0.385, 0.425], 'sigeff_B0p01': [0.089, 0.103]}
<DrawGraph> NTrees Shrinkage__AdaBoostBeta
Number of points in graph= 20
-----------
NTrees = 1000.0
Shrinkage = 0.005
best_auc= 0.7550193306431433
<DrawGraph> MaxDepth Shrinkage__AdaBoostBeta
Number of points in graph= 18
-----------
MaxDepth = 6.0
Shrinkage = 0.005
best_auc= 0.7550193306431433
<DrawGraph> MaxDepth NTrees
Number of points in graph= 17
-----------
MaxDepth = 6.0
NTrees = 1000.0
best_auc= 0.7550193306431433
<DrawGraph> MinNodeSize Shrinkage__AdaBoostBeta
Number of points in graph= 19
-----------
MinNodeSize = 1.0
Shrinkage = 0.005
best_auc= 0.7550193306431433
<DrawGraph> MinNodeSize NTrees
Number of points in graph= 17
-----------
MinNodeSize = 1.0
NTrees = 1000.0
best_auc= 0.7550193306431433
<DrawGraph> MinNodeSize MaxDepth
Number of points in graph= 17
-----------
MinNodeSize = 1.0
MaxDepth = 6.0
best_auc= 0.7550193306431433
<DrawGraph> BaggedSampleFraction Shrinkage__AdaBoostBeta
Number of points in graph= 30
-----------
BaggedSampleFraction = 0.6
Shrinkage = 0.005
best_auc= 0.7550193306431433
<DrawGraph> BaggedSampleFraction NTrees
Number of points in graph= 26
-----------
BaggedSampleFraction = 0.6
NTrees = 1000.0
best_auc= 0.7550193306431433
<DrawGraph> BaggedSampleFraction MaxDepth
Number of points in graph= 26
-----------
BaggedSampleFraction = 0.6
MaxDepth = 6.0
best_auc= 0.7550193306431433
<DrawGraph> BaggedSampleFraction MinNodeSize
Number of points in graph= 26
-----------
BaggedSampleFraction = 0.6
MinNodeSize = 1.0
best_auc= 0.7550193306431433
<DrawGraph> nCuts Shrinkage__AdaBoostBeta
Number of points in graph= 18
-----------
nCuts = 20.0
Shrinkage = 0.005
best_auc= 0.7550193306431433
<DrawGraph> nCuts NTrees
Number of points in graph= 15
-----------
nCuts = 20.0
NTrees = 1000.0
best_auc= 0.7550193306431433
<DrawGraph> nCuts MaxDepth
Number of points in graph= 15
-----------
nCuts = 20.0
MaxDepth = 6.0
best_auc= 0.7550193306431433
<DrawGraph> nCuts MinNodeSize
Number of points in graph= 15
-----------
nCuts = 20.0
MinNodeSize = 1.0
best_auc= 0.7550193306431433
<DrawGraph> nCuts BaggedSampleFraction
Number of points in graph= 18
-----------
nCuts = 20.0
BaggedSampleFraction = 0.6
best_auc= 0.7550193306431433
