Info in <TCanvas::Print>: pdf file plots/muon__2017/muon__2017__NTrees__Shrinkage.pdf has been created
Info in <TCanvas::Print>: pdf file plots/muon__2017/logz__muon__2017__NTrees__Shrinkage.pdf has been created
Info in <TCanvas::Print>: pdf file plots/muon__2017/muon__2017__MaxDepth__Shrinkage.pdf has been created
Info in <TCanvas::Print>: pdf file plots/muon__2017/logz__muon__2017__MaxDepth__Shrinkage.pdf has been created
Info in <TCanvas::Print>: pdf file plots/muon__2017/muon__2017__MaxDepth__NTrees.pdf has been created
Info in <TCanvas::Print>: pdf file plots/muon__2017/logz__muon__2017__MaxDepth__NTrees.pdf has been created
Info in <TCanvas::Print>: pdf file plots/muon__2017/muon__2017__MinNodeSize__Shrinkage.pdf has been created
Info in <TCanvas::Print>: pdf file plots/muon__2017/logz__muon__2017__MinNodeSize__Shrinkage.pdf has been created
Info in <TCanvas::Print>: pdf file plots/muon__2017/muon__2017__MinNodeSize__NTrees.pdf has been created
Info in <TCanvas::Print>: pdf file plots/muon__2017/logz__muon__2017__MinNodeSize__NTrees.pdf has been created
Info in <TCanvas::Print>: pdf file plots/muon__2017/muon__2017__MinNodeSize__MaxDepth.pdf has been created
Info in <TCanvas::Print>: pdf file plots/muon__2017/logz__muon__2017__MinNodeSize__MaxDepth.pdf has been created
Info in <TCanvas::Print>: pdf file plots/muon__2017/muon__2017__BaggedSampleFraction__Shrinkage.pdf has been created
Info in <TCanvas::Print>: pdf file plots/muon__2017/logz__muon__2017__BaggedSampleFraction__Shrinkage.pdf has been created
Info in <TCanvas::Print>: pdf file plots/muon__2017/muon__2017__BaggedSampleFraction__NTrees.pdf has been created
Info in <TCanvas::Print>: pdf file plots/muon__2017/logz__muon__2017__BaggedSampleFraction__NTrees.pdf has been created
Info in <TCanvas::Print>: pdf file plots/muon__2017/muon__2017__BaggedSampleFraction__MaxDepth.pdf has been created
Info in <TCanvas::Print>: pdf file plots/muon__2017/logz__muon__2017__BaggedSampleFraction__MaxDepth.pdf has been created
Info in <TCanvas::Print>: pdf file plots/muon__2017/muon__2017__BaggedSampleFraction__MinNodeSize.pdf has been created
Info in <TCanvas::Print>: pdf file plots/muon__2017/logz__muon__2017__BaggedSampleFraction__MinNodeSize.pdf has been created
Info in <TCanvas::Print>: pdf file plots/muon__2017/muon__2017__nCuts__Shrinkage.pdf has been created
Info in <TCanvas::Print>: pdf file plots/muon__2017/logz__muon__2017__nCuts__Shrinkage.pdf has been created
Info in <TCanvas::Print>: pdf file plots/muon__2017/muon__2017__nCuts__NTrees.pdf has been created
Info in <TCanvas::Print>: pdf file plots/muon__2017/logz__muon__2017__nCuts__NTrees.pdf has been created
Info in <TCanvas::Print>: pdf file plots/muon__2017/muon__2017__nCuts__MaxDepth.pdf has been created
Info in <TCanvas::Print>: pdf file plots/muon__2017/logz__muon__2017__nCuts__MaxDepth.pdf has been created
Info in <TCanvas::Print>: pdf file plots/muon__2017/muon__2017__nCuts__MinNodeSize.pdf has been created
Info in <TCanvas::Print>: pdf file plots/muon__2017/logz__muon__2017__nCuts__MinNodeSize.pdf has been created
Info in <TCanvas::Print>: pdf file plots/muon__2017/muon__2017__nCuts__BaggedSampleFraction.pdf has been created
Info in <TCanvas::Print>: pdf file plots/muon__2017/logz__muon__2017__nCuts__BaggedSampleFraction.pdf has been created
--- muon__2017__D.pkl ----
--- muon__2017__P.pkl ----
--- muon__2017__U.pkl ----
--- muon__2017__N.pkl ----
--- muon__2017__I.pkl ----
--- muon__2017__G.pkl ----
nresult= 13276
{'Trf': 'G', 'BoostType': 'Grad', 'Shrinkage__AdaBoostBeta': '0.001', 'NTrees': '3000', 'MaxDepth': '6', 'MinNodeSize': '0.5', 'UseBaggedBoost': 'True', 'BaggedSampleFraction': '0.4', 'SeparationType': 'CrossEntropy', 'nCuts': '40', 'IgnoreNegWeightsInTraining': 'True', 'auc': 0.7538842748190708, 'sigeff_B0p3': [0.677, 0.699], 'sigeff_B0p1': [0.38, 0.417], 'sigeff_B0p01': [0.088, 0.106]}
<DrawGraph> NTrees Shrinkage__AdaBoostBeta
Number of points in graph= 20
-----------
NTrees = 3000.0
Shrinkage = 0.001
best_auc= 0.7538842748190708
<DrawGraph> MaxDepth Shrinkage__AdaBoostBeta
Number of points in graph= 18
-----------
MaxDepth = 6.0
Shrinkage = 0.001
best_auc= 0.7538842748190708
<DrawGraph> MaxDepth NTrees
Number of points in graph= 17
-----------
MaxDepth = 6.0
NTrees = 3000.0
best_auc= 0.7538842748190708
<DrawGraph> MinNodeSize Shrinkage__AdaBoostBeta
Number of points in graph= 19
-----------
MinNodeSize = 0.5
Shrinkage = 0.001
best_auc= 0.7538842748190708
<DrawGraph> MinNodeSize NTrees
Number of points in graph= 17
-----------
MinNodeSize = 0.5
NTrees = 3000.0
best_auc= 0.7538842748190708
<DrawGraph> MinNodeSize MaxDepth
Number of points in graph= 17
-----------
MinNodeSize = 0.5
MaxDepth = 6.0
best_auc= 0.7538842748190708
<DrawGraph> BaggedSampleFraction Shrinkage__AdaBoostBeta
Number of points in graph= 30
-----------
BaggedSampleFraction = 0.4
Shrinkage = 0.001
best_auc= 0.7538842748190708
<DrawGraph> BaggedSampleFraction NTrees
Number of points in graph= 26
-----------
BaggedSampleFraction = 0.4
NTrees = 3000.0
best_auc= 0.7538842748190708
<DrawGraph> BaggedSampleFraction MaxDepth
Number of points in graph= 26
-----------
BaggedSampleFraction = 0.4
MaxDepth = 6.0
best_auc= 0.7538842748190708
<DrawGraph> BaggedSampleFraction MinNodeSize
Number of points in graph= 26
-----------
BaggedSampleFraction = 0.4
MinNodeSize = 0.5
best_auc= 0.7538842748190708
<DrawGraph> nCuts Shrinkage__AdaBoostBeta
Number of points in graph= 20
-----------
nCuts = 40.0
Shrinkage = 0.001
best_auc= 0.7538842748190708
<DrawGraph> nCuts NTrees
Number of points in graph= 17
-----------
nCuts = 40.0
NTrees = 3000.0
best_auc= 0.7538842748190708
<DrawGraph> nCuts MaxDepth
Number of points in graph= 17
-----------
nCuts = 40.0
MaxDepth = 6.0
best_auc= 0.7538842748190708
<DrawGraph> nCuts MinNodeSize
Number of points in graph= 17
-----------
nCuts = 40.0
MinNodeSize = 0.5
best_auc= 0.7538842748190708
<DrawGraph> nCuts BaggedSampleFraction
Number of points in graph= 26
-----------
nCuts = 40.0
BaggedSampleFraction = 0.4
best_auc= 0.7538842748190708
